device=cuda  train=1770  val=379  classes=['cardboard', 'glass', 'metal', 'paper', 'plastic', 'trash']
epoch   1  train loss 2.201 acc 0.214  val loss 1.728 acc 0.235 f1 0.063  *
epoch   2  train loss 1.729 acc 0.234  val loss 1.723 acc 0.235 f1 0.063  *
epoch   3  train loss 1.728 acc 0.235  val loss 1.726 acc 0.198 f1 0.055
epoch   4  train loss 1.727 acc 0.226  val loss 1.723 acc 0.235 f1 0.063
epoch   5  train loss 1.728 acc 0.234  val loss 1.724 acc 0.235 f1 0.063
epoch   6  train loss 1.727 acc 0.236  val loss 1.723 acc 0.235 f1 0.063
epoch   7  train loss 1.727 acc 0.235  val loss 1.723 acc 0.235 f1 0.063
epoch   8  train loss 1.726 acc 0.235  val loss 1.723 acc 0.235 f1 0.063
epoch   9  train loss 1.729 acc 0.234  val loss 1.723 acc 0.235 f1 0.063
epoch  10  train loss 1.726 acc 0.236  val loss 1.723 acc 0.235 f1 0.063
epoch  11  train loss 1.726 acc 0.235  val loss 1.722 acc 0.235 f1 0.063  *
epoch  12  train loss 1.728 acc 0.236  val loss 1.723 acc 0.235 f1 0.063
epoch  13  train loss 1.724 acc 0.236  val loss 1.722 acc 0.235 f1 0.063  *
epoch  14  train loss 1.728 acc 0.236  val loss 1.724 acc 0.235 f1 0.063
epoch  15  train loss 1.725 acc 0.231  val loss 1.722 acc 0.235 f1 0.063  *
epoch  16  train loss 1.724 acc 0.235  val loss 1.722 acc 0.235 f1 0.063  *
epoch  17  train loss 1.725 acc 0.235  val loss 1.722 acc 0.235 f1 0.063
epoch  18  train loss 1.727 acc 0.235  val loss 1.722 acc 0.235 f1 0.063
epoch  19  train loss 1.725 acc 0.235  val loss 1.723 acc 0.235 f1 0.063
epoch  20  train loss 1.726 acc 0.236  val loss 1.722 acc 0.235 f1 0.063
epoch  21  train loss 1.725 acc 0.236  val loss 1.722 acc 0.235 f1 0.063
epoch  22  train loss 1.726 acc 0.235  val loss 1.723 acc 0.235 f1 0.063
epoch  23  train loss 1.725 acc 0.236  val loss 1.722 acc 0.235 f1 0.063  *
epoch  24  train loss 1.728 acc 0.235  val loss 1.722 acc 0.235 f1 0.063
epoch  25  train loss 1.725 acc 0.235  val loss 1.722 acc 0.235 f1 0.063
epoch  26  train loss 1.726 acc 0.235  val loss 1.723 acc 0.235 f1 0.063
epoch  27  train loss 1.725 acc 0.236  val loss 1.723 acc 0.235 f1 0.063
epoch  28  train loss 1.725 acc 0.236  val loss 1.722 acc 0.235 f1 0.063
epoch  29  train loss 1.724 acc 0.235  val loss 1.722 acc 0.235 f1 0.063
epoch  30  train loss 1.725 acc 0.235  val loss 1.723 acc 0.235 f1 0.063
best epoch 23  test acc 0.2354  macro-F1 0.0635
