device=cuda  train=1785  val=364  classes=['cardboard', 'glass', 'metal', 'paper', 'plastic', 'trash']
epoch   1  train loss 1.312 acc 0.564  val loss 0.739 acc 0.766 f1 0.709  *
epoch   2  train loss 0.885 acc 0.789  val loss 0.655 acc 0.797 f1 0.711  *
epoch   3  train loss 0.774 acc 0.845  val loss 0.532 acc 0.819 f1 0.778  *
epoch   4  train loss 0.718 acc 0.879  val loss 0.524 acc 0.849 f1 0.801  *
epoch   5  train loss 0.654 acc 0.926  val loss 0.512 acc 0.846 f1 0.821  *
epoch   6  train loss 0.628 acc 0.930  val loss 0.463 acc 0.846 f1 0.805
epoch   7  train loss 0.621 acc 0.933  val loss 0.463 acc 0.865 f1 0.832  *
epoch   8  train loss 0.597 acc 0.947  val loss 0.464 acc 0.863 f1 0.831
epoch   9  train loss 0.581 acc 0.951  val loss 0.456 acc 0.871 f1 0.833  *
epoch  10  train loss 0.561 acc 0.967  val loss 0.447 acc 0.876 f1 0.832
epoch  11  train loss 0.556 acc 0.969  val loss 0.474 acc 0.854 f1 0.811
epoch  12  train loss 0.533 acc 0.980  val loss 0.448 acc 0.865 f1 0.838  *
epoch  13  train loss 0.543 acc 0.972  val loss 0.425 acc 0.887 f1 0.859  *
epoch  14  train loss 0.537 acc 0.979  val loss 0.433 acc 0.890 f1 0.870  *
epoch  15  train loss 0.523 acc 0.984  val loss 0.415 acc 0.893 f1 0.860
epoch  16  train loss 0.511 acc 0.993  val loss 0.405 acc 0.901 f1 0.873  *
epoch  17  train loss 0.512 acc 0.988  val loss 0.431 acc 0.887 f1 0.852
epoch  18  train loss 0.506 acc 0.990  val loss 0.419 acc 0.898 f1 0.867
epoch  19  train loss 0.506 acc 0.989  val loss 0.416 acc 0.909 f1 0.884  *
epoch  20  train loss 0.497 acc 0.990  val loss 0.412 acc 0.898 f1 0.869
epoch  21  train loss 0.498 acc 0.992  val loss 0.413 acc 0.898 f1 0.875
epoch  22  train loss 0.497 acc 0.990  val loss 0.419 acc 0.890 f1 0.860
epoch  23  train loss 0.493 acc 0.993  val loss 0.421 acc 0.896 f1 0.865
epoch  24  train loss 0.489 acc 0.997  val loss 0.422 acc 0.893 f1 0.862
epoch  25  train loss 0.495 acc 0.995  val loss 0.420 acc 0.887 f1 0.858
epoch  26  train loss 0.488 acc 0.995  val loss 0.421 acc 0.890 f1 0.862
epoch  27  train loss 0.488 acc 0.995  val loss 0.422 acc 0.890 f1 0.862
epoch  28  train loss 0.490 acc 0.994  val loss 0.421 acc 0.893 f1 0.864
epoch  29  train loss 0.489 acc 0.995  val loss 0.421 acc 0.893 f1 0.864
early stopping after 29 epochs
best epoch 19  test acc 0.8629  macro-F1 0.8559
