device=cuda  train=1785  val=364  classes=['cardboard', 'glass', 'metal', 'paper', 'plastic', 'trash']
epoch   1  train loss 1.865 acc 0.308  val loss 1.710 acc 0.305 f1 0.228  *
epoch   2  train loss 1.613 acc 0.400  val loss 1.492 acc 0.409 f1 0.355  *
epoch   3  train loss 1.578 acc 0.395  val loss 1.504 acc 0.426 f1 0.327
epoch   4  train loss 1.556 acc 0.417  val loss 1.417 acc 0.440 f1 0.349
epoch   5  train loss 1.521 acc 0.443  val loss 1.465 acc 0.486 f1 0.364  *
epoch   6  train loss 1.496 acc 0.464  val loss 1.317 acc 0.484 f1 0.373  *
epoch   7  train loss 1.482 acc 0.482  val loss 1.266 acc 0.519 f1 0.419  *
epoch   8  train loss 1.434 acc 0.494  val loss 1.375 acc 0.511 f1 0.451  *
epoch   9  train loss 1.433 acc 0.481  val loss 1.253 acc 0.505 f1 0.408
epoch  10  train loss 1.413 acc 0.502  val loss 1.299 acc 0.519 f1 0.437
epoch  11  train loss 1.414 acc 0.503  val loss 1.239 acc 0.516 f1 0.382
epoch  12  train loss 1.396 acc 0.516  val loss 1.153 acc 0.549 f1 0.470  *
epoch  13  train loss 1.402 acc 0.521  val loss 1.176 acc 0.558 f1 0.436
epoch  14  train loss 1.391 acc 0.518  val loss 1.207 acc 0.563 f1 0.478  *
epoch  15  train loss 1.344 acc 0.550  val loss 1.168 acc 0.560 f1 0.441
epoch  16  train loss 1.368 acc 0.527  val loss 1.128 acc 0.604 f1 0.530  *
epoch  17  train loss 1.348 acc 0.528  val loss 1.131 acc 0.552 f1 0.493
epoch  18  train loss 1.351 acc 0.540  val loss 1.164 acc 0.549 f1 0.459
epoch  19  train loss 1.332 acc 0.535  val loss 1.234 acc 0.530 f1 0.461
epoch  20  train loss 1.312 acc 0.566  val loss 1.247 acc 0.544 f1 0.472
epoch  21  train loss 1.309 acc 0.571  val loss 1.093 acc 0.632 f1 0.556  *
epoch  22  train loss 1.276 acc 0.573  val loss 1.066 acc 0.613 f1 0.557  *
epoch  23  train loss 1.284 acc 0.582  val loss 1.152 acc 0.569 f1 0.516
epoch  24  train loss 1.260 acc 0.587  val loss 1.126 acc 0.569 f1 0.496
epoch  25  train loss 1.256 acc 0.597  val loss 1.071 acc 0.610 f1 0.517
epoch  26  train loss 1.251 acc 0.611  val loss 1.107 acc 0.552 f1 0.511
epoch  27  train loss 1.234 acc 0.595  val loss 1.043 acc 0.626 f1 0.578  *
epoch  28  train loss 1.243 acc 0.614  val loss 1.004 acc 0.643 f1 0.589  *
epoch  29  train loss 1.195 acc 0.623  val loss 1.081 acc 0.615 f1 0.543
epoch  30  train loss 1.212 acc 0.629  val loss 0.967 acc 0.665 f1 0.620  *
epoch  31  train loss 1.199 acc 0.623  val loss 1.014 acc 0.624 f1 0.593
epoch  32  train loss 1.201 acc 0.611  val loss 1.212 acc 0.577 f1 0.535
epoch  33  train loss 1.166 acc 0.637  val loss 0.946 acc 0.646 f1 0.613
epoch  34  train loss 1.140 acc 0.652  val loss 0.938 acc 0.657 f1 0.620
epoch  35  train loss 1.146 acc 0.657  val loss 0.901 acc 0.668 f1 0.619
epoch  36  train loss 1.171 acc 0.638  val loss 0.984 acc 0.679 f1 0.624  *
epoch  37  train loss 1.145 acc 0.659  val loss 1.078 acc 0.607 f1 0.565
epoch  38  train loss 1.131 acc 0.661  val loss 0.966 acc 0.662 f1 0.626  *
epoch  39  train loss 1.140 acc 0.644  val loss 0.898 acc 0.701 f1 0.666  *
epoch  40  train loss 1.112 acc 0.673  val loss 0.933 acc 0.668 f1 0.596
epoch  41  train loss 1.095 acc 0.676  val loss 0.869 acc 0.681 f1 0.637
epoch  42  train loss 1.097 acc 0.683  val loss 1.053 acc 0.599 f1 0.548
epoch  43  train loss 1.075 acc 0.690  val loss 0.809 acc 0.695 f1 0.651
epoch  44  train loss 1.066 acc 0.696  val loss 0.839 acc 0.717 f1 0.676  *
epoch  45  train loss 1.058 acc 0.690  val loss 0.851 acc 0.673 f1 0.643
epoch  46  train loss 1.073 acc 0.699  val loss 0.823 acc 0.706 f1 0.644
epoch  47  train loss 1.068 acc 0.693  val loss 0.794 acc 0.728 f1 0.693  *
epoch  48  train loss 1.049 acc 0.701  val loss 0.786 acc 0.720 f1 0.684
epoch  49  train loss 1.020 acc 0.721  val loss 0.853 acc 0.717 f1 0.654
epoch  50  train loss 1.028 acc 0.712  val loss 0.847 acc 0.695 f1 0.671
epoch  51  train loss 1.005 acc 0.730  val loss 0.911 acc 0.684 f1 0.638
epoch  52  train loss 1.008 acc 0.720  val loss 0.767 acc 0.728 f1 0.684
epoch  53  train loss 1.004 acc 0.726  val loss 0.733 acc 0.731 f1 0.696  *
epoch  54  train loss 0.999 acc 0.722  val loss 0.880 acc 0.717 f1 0.685
epoch  55  train loss 0.977 acc 0.734  val loss 0.758 acc 0.736 f1 0.685
epoch  56  train loss 0.970 acc 0.738  val loss 0.794 acc 0.695 f1 0.659
epoch  57  train loss 0.965 acc 0.745  val loss 0.781 acc 0.736 f1 0.693
epoch  58  train loss 0.954 acc 0.759  val loss 0.760 acc 0.728 f1 0.682
epoch  59  train loss 0.960 acc 0.745  val loss 0.749 acc 0.747 f1 0.696  *
epoch  60  train loss 0.941 acc 0.757  val loss 0.766 acc 0.728 f1 0.695
epoch  61  train loss 0.924 acc 0.763  val loss 0.751 acc 0.742 f1 0.708  *
epoch  62  train loss 0.909 acc 0.774  val loss 0.788 acc 0.714 f1 0.681
epoch  63  train loss 0.937 acc 0.764  val loss 0.718 acc 0.750 f1 0.711  *
epoch  64  train loss 0.898 acc 0.779  val loss 0.739 acc 0.753 f1 0.710
epoch  65  train loss 0.901 acc 0.774  val loss 0.698 acc 0.764 f1 0.722  *
epoch  66  train loss 0.888 acc 0.778  val loss 0.673 acc 0.772 f1 0.730  *
epoch  67  train loss 0.868 acc 0.792  val loss 0.701 acc 0.739 f1 0.685
epoch  68  train loss 0.868 acc 0.786  val loss 0.649 acc 0.775 f1 0.735  *
epoch  69  train loss 0.880 acc 0.787  val loss 0.673 acc 0.761 f1 0.721
epoch  70  train loss 0.869 acc 0.790  val loss 0.606 acc 0.802 f1 0.756  *
epoch  71  train loss 0.850 acc 0.796  val loss 0.626 acc 0.780 f1 0.737
epoch  72  train loss 0.841 acc 0.801  val loss 0.660 acc 0.761 f1 0.721
epoch  73  train loss 0.826 acc 0.810  val loss 0.612 acc 0.788 f1 0.761  *
epoch  74  train loss 0.837 acc 0.807  val loss 0.607 acc 0.791 f1 0.750
epoch  75  train loss 0.830 acc 0.806  val loss 0.634 acc 0.788 f1 0.761  *
epoch  76  train loss 0.807 acc 0.833  val loss 0.586 acc 0.799 f1 0.772  *
epoch  77  train loss 0.814 acc 0.817  val loss 0.596 acc 0.810 f1 0.778  *
epoch  78  train loss 0.796 acc 0.833  val loss 0.578 acc 0.799 f1 0.767
epoch  79  train loss 0.779 acc 0.841  val loss 0.564 acc 0.810 f1 0.770
epoch  80  train loss 0.799 acc 0.835  val loss 0.591 acc 0.802 f1 0.767
epoch  81  train loss 0.763 acc 0.848  val loss 0.587 acc 0.780 f1 0.749
epoch  82  train loss 0.781 acc 0.831  val loss 0.567 acc 0.788 f1 0.745
epoch  83  train loss 0.773 acc 0.841  val loss 0.575 acc 0.799 f1 0.762
epoch  84  train loss 0.763 acc 0.848  val loss 0.572 acc 0.813 f1 0.776
epoch  85  train loss 0.743 acc 0.857  val loss 0.544 acc 0.802 f1 0.768
epoch  86  train loss 0.733 acc 0.864  val loss 0.566 acc 0.794 f1 0.763
epoch  87  train loss 0.759 acc 0.857  val loss 0.541 acc 0.824 f1 0.798  *
epoch  88  train loss 0.740 acc 0.852  val loss 0.534 acc 0.810 f1 0.773
epoch  89  train loss 0.725 acc 0.866  val loss 0.546 acc 0.821 f1 0.790
epoch  90  train loss 0.729 acc 0.859  val loss 0.547 acc 0.810 f1 0.775
epoch  91  train loss 0.751 acc 0.851  val loss 0.540 acc 0.797 f1 0.765
epoch  92  train loss 0.728 acc 0.868  val loss 0.543 acc 0.799 f1 0.765
epoch  93  train loss 0.729 acc 0.854  val loss 0.537 acc 0.808 f1 0.772
epoch  94  train loss 0.729 acc 0.857  val loss 0.531 acc 0.808 f1 0.772
epoch  95  train loss 0.732 acc 0.858  val loss 0.533 acc 0.813 f1 0.777
epoch  96  train loss 0.737 acc 0.859  val loss 0.537 acc 0.819 f1 0.782
epoch  97  train loss 0.740 acc 0.863  val loss 0.537 acc 0.821 f1 0.795
epoch  98  train loss 0.748 acc 0.850  val loss 0.528 acc 0.816 f1 0.779
epoch  99  train loss 0.731 acc 0.859  val loss 0.529 acc 0.816 f1 0.780
epoch 100  train loss 0.730 acc 0.870  val loss 0.530 acc 0.816 f1 0.780
best epoch 87  test acc 0.7849  macro-F1 0.7471
