device=cuda  train=1770  val=379  classes=['cardboard', 'glass', 'metal', 'paper', 'plastic', 'trash']
epoch   1  train loss 1.746 acc 0.222  val loss 1.672 acc 0.230 f1 0.124  *
epoch   2  train loss 1.651 acc 0.315  val loss 1.498 acc 0.388 f1 0.293  *
epoch   3  train loss 1.540 acc 0.415  val loss 1.408 acc 0.449 f1 0.358  *
epoch   4  train loss 1.508 acc 0.432  val loss 1.276 acc 0.504 f1 0.422  *
epoch   5  train loss 1.473 acc 0.457  val loss 1.259 acc 0.551 f1 0.478  *
epoch   6  train loss 1.405 acc 0.492  val loss 1.303 acc 0.480 f1 0.440
epoch   7  train loss 1.381 acc 0.501  val loss 1.205 acc 0.538 f1 0.477
epoch   8  train loss 1.371 acc 0.517  val loss 1.197 acc 0.562 f1 0.551  *
epoch   9  train loss 1.349 acc 0.523  val loss 1.157 acc 0.633 f1 0.569  *
epoch  10  train loss 1.347 acc 0.526  val loss 1.179 acc 0.609 f1 0.575  *
epoch  11  train loss 1.302 acc 0.561  val loss 1.071 acc 0.612 f1 0.601  *
epoch  12  train loss 1.285 acc 0.578  val loss 0.982 acc 0.633 f1 0.594
epoch  13  train loss 1.256 acc 0.593  val loss 1.034 acc 0.641 f1 0.623  *
epoch  14  train loss 1.263 acc 0.590  val loss 0.993 acc 0.670 f1 0.653  *
epoch  15  train loss 1.189 acc 0.620  val loss 1.004 acc 0.657 f1 0.626
epoch  16  train loss 1.208 acc 0.620  val loss 0.987 acc 0.641 f1 0.633
epoch  17  train loss 1.188 acc 0.609  val loss 0.922 acc 0.660 f1 0.647
epoch  18  train loss 1.176 acc 0.627  val loss 0.954 acc 0.652 f1 0.608
epoch  19  train loss 1.140 acc 0.649  val loss 0.935 acc 0.636 f1 0.607
epoch  20  train loss 1.124 acc 0.660  val loss 0.857 acc 0.699 f1 0.683  *
epoch  21  train loss 1.144 acc 0.635  val loss 0.919 acc 0.652 f1 0.640
epoch  22  train loss 1.109 acc 0.672  val loss 0.891 acc 0.670 f1 0.650
epoch  23  train loss 1.097 acc 0.673  val loss 0.829 acc 0.691 f1 0.633
epoch  24  train loss 1.071 acc 0.689  val loss 0.782 acc 0.702 f1 0.659
epoch  25  train loss 1.056 acc 0.689  val loss 0.949 acc 0.641 f1 0.609
epoch  26  train loss 1.076 acc 0.690  val loss 0.797 acc 0.720 f1 0.702  *
epoch  27  train loss 1.034 acc 0.706  val loss 0.714 acc 0.757 f1 0.728  *
epoch  28  train loss 1.006 acc 0.722  val loss 0.752 acc 0.755 f1 0.724
epoch  29  train loss 0.999 acc 0.738  val loss 0.692 acc 0.741 f1 0.716
epoch  30  train loss 0.984 acc 0.730  val loss 0.698 acc 0.747 f1 0.714
epoch  31  train loss 0.952 acc 0.748  val loss 0.719 acc 0.739 f1 0.725
epoch  32  train loss 0.956 acc 0.751  val loss 0.751 acc 0.752 f1 0.742  *
epoch  33  train loss 0.945 acc 0.747  val loss 0.687 acc 0.760 f1 0.741
epoch  34  train loss 0.944 acc 0.749  val loss 0.648 acc 0.794 f1 0.778  *
epoch  35  train loss 0.928 acc 0.759  val loss 0.665 acc 0.736 f1 0.695
epoch  36  train loss 0.906 acc 0.782  val loss 0.650 acc 0.781 f1 0.763
epoch  37  train loss 0.922 acc 0.764  val loss 0.707 acc 0.739 f1 0.719
epoch  38  train loss 0.901 acc 0.774  val loss 0.631 acc 0.773 f1 0.758
epoch  39  train loss 0.856 acc 0.804  val loss 0.619 acc 0.789 f1 0.753
epoch  40  train loss 0.872 acc 0.795  val loss 0.608 acc 0.794 f1 0.766
epoch  41  train loss 0.890 acc 0.773  val loss 0.615 acc 0.773 f1 0.729
epoch  42  train loss 0.857 acc 0.797  val loss 0.589 acc 0.792 f1 0.730
epoch  43  train loss 0.844 acc 0.803  val loss 0.568 acc 0.807 f1 0.793  *
epoch  44  train loss 0.829 acc 0.815  val loss 0.584 acc 0.778 f1 0.743
epoch  45  train loss 0.814 acc 0.811  val loss 0.592 acc 0.805 f1 0.785
epoch  46  train loss 0.813 acc 0.815  val loss 0.573 acc 0.794 f1 0.755
epoch  47  train loss 0.800 acc 0.831  val loss 0.549 acc 0.784 f1 0.741
epoch  48  train loss 0.791 acc 0.835  val loss 0.546 acc 0.821 f1 0.804  *
epoch  49  train loss 0.780 acc 0.844  val loss 0.510 acc 0.826 f1 0.800
epoch  50  train loss 0.781 acc 0.833  val loss 0.540 acc 0.805 f1 0.783
epoch  51  train loss 0.766 acc 0.852  val loss 0.524 acc 0.807 f1 0.786
epoch  52  train loss 0.785 acc 0.841  val loss 0.525 acc 0.815 f1 0.790
epoch  53  train loss 0.755 acc 0.851  val loss 0.514 acc 0.834 f1 0.820  *
epoch  54  train loss 0.744 acc 0.849  val loss 0.527 acc 0.839 f1 0.820  *
epoch  55  train loss 0.762 acc 0.849  val loss 0.496 acc 0.836 f1 0.829  *
epoch  56  train loss 0.727 acc 0.876  val loss 0.523 acc 0.828 f1 0.816
epoch  57  train loss 0.739 acc 0.867  val loss 0.493 acc 0.821 f1 0.794
epoch  58  train loss 0.733 acc 0.865  val loss 0.498 acc 0.847 f1 0.817
epoch  59  train loss 0.724 acc 0.878  val loss 0.485 acc 0.839 f1 0.826
epoch  60  train loss 0.708 acc 0.880  val loss 0.471 acc 0.844 f1 0.823
epoch  61  train loss 0.701 acc 0.882  val loss 0.470 acc 0.834 f1 0.812
epoch  62  train loss 0.709 acc 0.878  val loss 0.463 acc 0.863 f1 0.853  *
epoch  63  train loss 0.711 acc 0.883  val loss 0.473 acc 0.842 f1 0.838
epoch  64  train loss 0.688 acc 0.895  val loss 0.468 acc 0.858 f1 0.840
epoch  65  train loss 0.697 acc 0.886  val loss 0.435 acc 0.860 f1 0.846
epoch  66  train loss 0.676 acc 0.895  val loss 0.456 acc 0.858 f1 0.856  *
epoch  67  train loss 0.685 acc 0.895  val loss 0.460 acc 0.850 f1 0.837
epoch  68  train loss 0.655 acc 0.909  val loss 0.440 acc 0.858 f1 0.847
epoch  69  train loss 0.672 acc 0.899  val loss 0.449 acc 0.873 f1 0.860  *
epoch  70  train loss 0.653 acc 0.915  val loss 0.466 acc 0.836 f1 0.808
epoch  71  train loss 0.663 acc 0.898  val loss 0.468 acc 0.852 f1 0.832
epoch  72  train loss 0.652 acc 0.914  val loss 0.451 acc 0.863 f1 0.837
epoch  73  train loss 0.637 acc 0.919  val loss 0.431 acc 0.855 f1 0.837
epoch  74  train loss 0.654 acc 0.908  val loss 0.436 acc 0.863 f1 0.841
epoch  75  train loss 0.644 acc 0.910  val loss 0.425 acc 0.868 f1 0.850
epoch  76  train loss 0.630 acc 0.918  val loss 0.447 acc 0.855 f1 0.833
epoch  77  train loss 0.646 acc 0.923  val loss 0.424 acc 0.858 f1 0.837
epoch  78  train loss 0.638 acc 0.910  val loss 0.444 acc 0.858 f1 0.836
epoch  79  train loss 0.642 acc 0.909  val loss 0.440 acc 0.868 f1 0.847
epoch  80  train loss 0.622 acc 0.928  val loss 0.432 acc 0.863 f1 0.842
epoch  81  train loss 0.634 acc 0.922  val loss 0.438 acc 0.863 f1 0.848
epoch  82  train loss 0.624 acc 0.920  val loss 0.433 acc 0.865 f1 0.853
epoch  83  train loss 0.632 acc 0.919  val loss 0.444 acc 0.868 f1 0.853
epoch  84  train loss 0.618 acc 0.924  val loss 0.428 acc 0.860 f1 0.843
epoch  85  train loss 0.618 acc 0.929  val loss 0.437 acc 0.850 f1 0.833
epoch  86  train loss 0.617 acc 0.921  val loss 0.436 acc 0.863 f1 0.844
epoch  87  train loss 0.614 acc 0.928  val loss 0.418 acc 0.865 f1 0.853
epoch  88  train loss 0.616 acc 0.924  val loss 0.426 acc 0.868 f1 0.852
epoch  89  train loss 0.611 acc 0.932  val loss 0.424 acc 0.876 f1 0.862  *
epoch  90  train loss 0.617 acc 0.923  val loss 0.423 acc 0.868 f1 0.854
epoch  91  train loss 0.617 acc 0.926  val loss 0.426 acc 0.873 f1 0.860
epoch  92  train loss 0.614 acc 0.934  val loss 0.422 acc 0.868 f1 0.852
epoch  93  train loss 0.614 acc 0.932  val loss 0.423 acc 0.876 f1 0.860
epoch  94  train loss 0.610 acc 0.932  val loss 0.425 acc 0.873 f1 0.858
epoch  95  train loss 0.612 acc 0.926  val loss 0.424 acc 0.873 f1 0.861
epoch  96  train loss 0.613 acc 0.934  val loss 0.425 acc 0.876 f1 0.862  *
epoch  97  train loss 0.610 acc 0.931  val loss 0.423 acc 0.876 f1 0.862  *
epoch  98  train loss 0.613 acc 0.934  val loss 0.423 acc 0.876 f1 0.862
epoch  99  train loss 0.616 acc 0.926  val loss 0.423 acc 0.879 f1 0.866  *
epoch 100  train loss 0.612 acc 0.930  val loss 0.423 acc 0.879 f1 0.866
best epoch 99  test acc 0.8360  macro-F1 0.8230
