device=cuda  train=1785  val=364  classes=['cardboard', 'glass', 'metal', 'paper', 'plastic', 'trash']
epoch   1  train loss 1.742 acc 0.222  val loss 1.672 acc 0.264 f1 0.105  *
epoch   2  train loss 1.623 acc 0.339  val loss 1.483 acc 0.398 f1 0.285  *
epoch   3  train loss 1.530 acc 0.403  val loss 1.371 acc 0.418 f1 0.367  *
epoch   4  train loss 1.505 acc 0.448  val loss 1.341 acc 0.475 f1 0.389  *
epoch   5  train loss 1.452 acc 0.466  val loss 1.328 acc 0.516 f1 0.453  *
epoch   6  train loss 1.412 acc 0.494  val loss 1.262 acc 0.484 f1 0.412
epoch   7  train loss 1.379 acc 0.512  val loss 1.157 acc 0.549 f1 0.509  *
epoch   8  train loss 1.365 acc 0.516  val loss 1.233 acc 0.516 f1 0.455
epoch   9  train loss 1.325 acc 0.551  val loss 1.161 acc 0.563 f1 0.536  *
epoch  10  train loss 1.330 acc 0.551  val loss 1.234 acc 0.549 f1 0.487
epoch  11  train loss 1.316 acc 0.566  val loss 1.066 acc 0.588 f1 0.541  *
epoch  12  train loss 1.258 acc 0.580  val loss 1.099 acc 0.569 f1 0.505
epoch  13  train loss 1.241 acc 0.597  val loss 1.067 acc 0.593 f1 0.566  *
epoch  14  train loss 1.205 acc 0.610  val loss 0.979 acc 0.629 f1 0.560
epoch  15  train loss 1.170 acc 0.635  val loss 1.025 acc 0.599 f1 0.564
epoch  16  train loss 1.204 acc 0.617  val loss 1.016 acc 0.615 f1 0.551
epoch  17  train loss 1.191 acc 0.622  val loss 0.947 acc 0.670 f1 0.637  *
epoch  18  train loss 1.111 acc 0.666  val loss 1.008 acc 0.632 f1 0.620
epoch  19  train loss 1.149 acc 0.642  val loss 0.929 acc 0.670 f1 0.652  *
epoch  20  train loss 1.093 acc 0.673  val loss 0.853 acc 0.723 f1 0.693  *
epoch  21  train loss 1.085 acc 0.679  val loss 0.940 acc 0.662 f1 0.638
epoch  22  train loss 1.051 acc 0.697  val loss 0.937 acc 0.637 f1 0.605
epoch  23  train loss 1.057 acc 0.690  val loss 0.890 acc 0.681 f1 0.654
epoch  24  train loss 1.045 acc 0.699  val loss 0.802 acc 0.714 f1 0.689
epoch  25  train loss 1.025 acc 0.716  val loss 0.779 acc 0.717 f1 0.689
epoch  26  train loss 1.008 acc 0.724  val loss 0.789 acc 0.728 f1 0.648
epoch  27  train loss 0.957 acc 0.747  val loss 0.805 acc 0.706 f1 0.658
epoch  28  train loss 0.962 acc 0.739  val loss 0.822 acc 0.720 f1 0.706  *
epoch  29  train loss 0.970 acc 0.745  val loss 0.781 acc 0.728 f1 0.702
epoch  30  train loss 0.944 acc 0.755  val loss 0.696 acc 0.755 f1 0.740  *
epoch  31  train loss 0.915 acc 0.769  val loss 0.694 acc 0.753 f1 0.697
epoch  32  train loss 0.918 acc 0.765  val loss 0.749 acc 0.755 f1 0.722
epoch  33  train loss 0.904 acc 0.783  val loss 0.658 acc 0.775 f1 0.755  *
epoch  34  train loss 0.885 acc 0.786  val loss 0.694 acc 0.764 f1 0.728
epoch  35  train loss 0.894 acc 0.784  val loss 0.676 acc 0.786 f1 0.768  *
epoch  36  train loss 0.874 acc 0.793  val loss 0.672 acc 0.766 f1 0.743
epoch  37  train loss 0.889 acc 0.784  val loss 0.644 acc 0.786 f1 0.763
epoch  38  train loss 0.833 acc 0.814  val loss 0.646 acc 0.788 f1 0.773  *
epoch  39  train loss 0.829 acc 0.820  val loss 0.692 acc 0.753 f1 0.742
epoch  40  train loss 0.807 acc 0.827  val loss 0.671 acc 0.775 f1 0.752
epoch  41  train loss 0.815 acc 0.818  val loss 0.641 acc 0.780 f1 0.753
epoch  42  train loss 0.814 acc 0.824  val loss 0.620 acc 0.791 f1 0.754
epoch  43  train loss 0.788 acc 0.833  val loss 0.660 acc 0.769 f1 0.748
epoch  44  train loss 0.803 acc 0.823  val loss 0.598 acc 0.802 f1 0.785  *
epoch  45  train loss 0.784 acc 0.844  val loss 0.597 acc 0.794 f1 0.778
epoch  46  train loss 0.768 acc 0.847  val loss 0.586 acc 0.788 f1 0.757
epoch  47  train loss 0.748 acc 0.866  val loss 0.574 acc 0.808 f1 0.793  *
epoch  48  train loss 0.760 acc 0.846  val loss 0.619 acc 0.797 f1 0.782
epoch  49  train loss 0.755 acc 0.855  val loss 0.602 acc 0.786 f1 0.777
epoch  50  train loss 0.738 acc 0.859  val loss 0.595 acc 0.802 f1 0.788
epoch  51  train loss 0.716 acc 0.881  val loss 0.581 acc 0.805 f1 0.789
epoch  52  train loss 0.733 acc 0.856  val loss 0.557 acc 0.794 f1 0.772
epoch  53  train loss 0.727 acc 0.870  val loss 0.547 acc 0.827 f1 0.809  *
epoch  54  train loss 0.720 acc 0.872  val loss 0.623 acc 0.780 f1 0.740
epoch  55  train loss 0.701 acc 0.882  val loss 0.553 acc 0.799 f1 0.766
epoch  56  train loss 0.704 acc 0.884  val loss 0.563 acc 0.813 f1 0.794
epoch  57  train loss 0.687 acc 0.898  val loss 0.523 acc 0.821 f1 0.807
epoch  58  train loss 0.694 acc 0.883  val loss 0.564 acc 0.816 f1 0.804
epoch  59  train loss 0.684 acc 0.894  val loss 0.504 acc 0.832 f1 0.819  *
epoch  60  train loss 0.693 acc 0.885  val loss 0.564 acc 0.819 f1 0.787
epoch  61  train loss 0.666 acc 0.901  val loss 0.516 acc 0.824 f1 0.806
epoch  62  train loss 0.676 acc 0.891  val loss 0.584 acc 0.810 f1 0.788
epoch  63  train loss 0.664 acc 0.905  val loss 0.500 acc 0.846 f1 0.824  *
epoch  64  train loss 0.665 acc 0.906  val loss 0.509 acc 0.835 f1 0.821
epoch  65  train loss 0.647 acc 0.915  val loss 0.501 acc 0.841 f1 0.823
epoch  66  train loss 0.649 acc 0.906  val loss 0.504 acc 0.835 f1 0.816
epoch  67  train loss 0.642 acc 0.915  val loss 0.462 acc 0.854 f1 0.834  *
epoch  68  train loss 0.644 acc 0.915  val loss 0.485 acc 0.841 f1 0.821
epoch  69  train loss 0.633 acc 0.919  val loss 0.488 acc 0.838 f1 0.815
epoch  70  train loss 0.631 acc 0.920  val loss 0.486 acc 0.835 f1 0.813
epoch  71  train loss 0.624 acc 0.926  val loss 0.523 acc 0.838 f1 0.815
epoch  72  train loss 0.630 acc 0.915  val loss 0.486 acc 0.835 f1 0.815
epoch  73  train loss 0.618 acc 0.932  val loss 0.505 acc 0.832 f1 0.811
epoch  74  train loss 0.615 acc 0.928  val loss 0.490 acc 0.838 f1 0.818
epoch  75  train loss 0.617 acc 0.927  val loss 0.468 acc 0.841 f1 0.818
epoch  76  train loss 0.603 acc 0.934  val loss 0.472 acc 0.849 f1 0.833
epoch  77  train loss 0.609 acc 0.931  val loss 0.473 acc 0.849 f1 0.829
epoch  78  train loss 0.614 acc 0.933  val loss 0.477 acc 0.843 f1 0.821
epoch  79  train loss 0.594 acc 0.940  val loss 0.478 acc 0.838 f1 0.816
epoch  80  train loss 0.590 acc 0.945  val loss 0.479 acc 0.846 f1 0.820
epoch  81  train loss 0.593 acc 0.941  val loss 0.473 acc 0.849 f1 0.833
epoch  82  train loss 0.593 acc 0.938  val loss 0.481 acc 0.846 f1 0.825
epoch  83  train loss 0.589 acc 0.944  val loss 0.475 acc 0.849 f1 0.825
epoch  84  train loss 0.593 acc 0.943  val loss 0.470 acc 0.849 f1 0.824
epoch  85  train loss 0.587 acc 0.949  val loss 0.477 acc 0.846 f1 0.820
epoch  86  train loss 0.592 acc 0.940  val loss 0.476 acc 0.841 f1 0.812
epoch  87  train loss 0.590 acc 0.943  val loss 0.477 acc 0.846 f1 0.831
epoch  88  train loss 0.584 acc 0.949  val loss 0.477 acc 0.843 f1 0.816
epoch  89  train loss 0.592 acc 0.936  val loss 0.471 acc 0.843 f1 0.815
epoch  90  train loss 0.584 acc 0.944  val loss 0.473 acc 0.838 f1 0.812
epoch  91  train loss 0.579 acc 0.951  val loss 0.477 acc 0.843 f1 0.817
epoch  92  train loss 0.579 acc 0.953  val loss 0.473 acc 0.846 f1 0.819
early stopping after 92 epochs
best epoch 67  test acc 0.8011  macro-F1 0.7941
