device=cuda  train=1785  val=364  classes=['cardboard', 'glass', 'metal', 'paper', 'plastic', 'trash']
epoch   1  train loss 1.829 acc 0.316  val loss 1.988 acc 0.341 f1 0.275  *
epoch   2  train loss 1.635 acc 0.381  val loss 1.357 acc 0.503 f1 0.404  *
epoch   3  train loss 1.549 acc 0.414  val loss 1.334 acc 0.514 f1 0.408  *
epoch   4  train loss 1.538 acc 0.423  val loss 1.315 acc 0.486 f1 0.383
epoch   5  train loss 1.492 acc 0.441  val loss 1.332 acc 0.451 f1 0.379
epoch   6  train loss 1.450 acc 0.473  val loss 1.359 acc 0.459 f1 0.404
epoch   7  train loss 1.483 acc 0.451  val loss 1.368 acc 0.456 f1 0.379
epoch   8  train loss 1.432 acc 0.495  val loss 1.445 acc 0.426 f1 0.289
epoch   9  train loss 1.465 acc 0.476  val loss 1.325 acc 0.530 f1 0.446  *
epoch  10  train loss 1.415 acc 0.505  val loss 1.305 acc 0.536 f1 0.430
epoch  11  train loss 1.402 acc 0.527  val loss 1.368 acc 0.467 f1 0.387
epoch  12  train loss 1.386 acc 0.526  val loss 1.364 acc 0.481 f1 0.436
epoch  13  train loss 1.411 acc 0.525  val loss 1.220 acc 0.536 f1 0.445
epoch  14  train loss 1.397 acc 0.519  val loss 1.228 acc 0.514 f1 0.444
epoch  15  train loss 1.359 acc 0.531  val loss 1.341 acc 0.434 f1 0.366
epoch  16  train loss 1.350 acc 0.543  val loss 1.198 acc 0.566 f1 0.512  *
epoch  17  train loss 1.327 acc 0.569  val loss 1.205 acc 0.533 f1 0.420
epoch  18  train loss 1.350 acc 0.540  val loss 1.222 acc 0.489 f1 0.429
epoch  19  train loss 1.324 acc 0.547  val loss 1.174 acc 0.552 f1 0.451
epoch  20  train loss 1.287 acc 0.576  val loss 1.151 acc 0.560 f1 0.503
epoch  21  train loss 1.284 acc 0.577  val loss 1.082 acc 0.577 f1 0.485
epoch  22  train loss 1.276 acc 0.585  val loss 1.186 acc 0.547 f1 0.468
epoch  23  train loss 1.294 acc 0.572  val loss 1.208 acc 0.511 f1 0.452
epoch  24  train loss 1.262 acc 0.593  val loss 1.017 acc 0.624 f1 0.549  *
epoch  25  train loss 1.251 acc 0.599  val loss 1.094 acc 0.591 f1 0.538
epoch  26  train loss 1.278 acc 0.581  val loss 1.062 acc 0.637 f1 0.588  *
epoch  27  train loss 1.230 acc 0.594  val loss 1.136 acc 0.555 f1 0.468
epoch  28  train loss 1.244 acc 0.589  val loss 1.047 acc 0.624 f1 0.584
epoch  29  train loss 1.206 acc 0.619  val loss 0.977 acc 0.657 f1 0.587
epoch  30  train loss 1.203 acc 0.631  val loss 0.972 acc 0.654 f1 0.592  *
epoch  31  train loss 1.184 acc 0.628  val loss 0.943 acc 0.646 f1 0.577
epoch  32  train loss 1.166 acc 0.641  val loss 0.985 acc 0.637 f1 0.548
epoch  33  train loss 1.159 acc 0.648  val loss 1.022 acc 0.640 f1 0.555
epoch  34  train loss 1.154 acc 0.647  val loss 0.956 acc 0.646 f1 0.593  *
epoch  35  train loss 1.123 acc 0.670  val loss 1.025 acc 0.618 f1 0.570
epoch  36  train loss 1.160 acc 0.640  val loss 1.089 acc 0.607 f1 0.526
epoch  37  train loss 1.143 acc 0.650  val loss 1.035 acc 0.615 f1 0.576
epoch  38  train loss 1.110 acc 0.663  val loss 0.936 acc 0.654 f1 0.620  *
epoch  39  train loss 1.099 acc 0.666  val loss 0.873 acc 0.676 f1 0.636  *
epoch  40  train loss 1.079 acc 0.678  val loss 0.883 acc 0.635 f1 0.576
epoch  41  train loss 1.086 acc 0.695  val loss 0.855 acc 0.703 f1 0.651  *
epoch  42  train loss 1.092 acc 0.669  val loss 0.855 acc 0.714 f1 0.676  *
epoch  43  train loss 1.061 acc 0.681  val loss 0.858 acc 0.706 f1 0.649
epoch  44  train loss 1.047 acc 0.698  val loss 0.875 acc 0.679 f1 0.639
epoch  45  train loss 1.064 acc 0.686  val loss 0.846 acc 0.695 f1 0.652
epoch  46  train loss 1.024 acc 0.715  val loss 0.950 acc 0.684 f1 0.634
epoch  47  train loss 1.030 acc 0.718  val loss 0.821 acc 0.714 f1 0.677  *
epoch  48  train loss 1.011 acc 0.724  val loss 0.839 acc 0.703 f1 0.649
epoch  49  train loss 1.011 acc 0.714  val loss 0.870 acc 0.676 f1 0.611
epoch  50  train loss 1.015 acc 0.714  val loss 0.810 acc 0.692 f1 0.648
epoch  51  train loss 0.993 acc 0.731  val loss 0.790 acc 0.709 f1 0.668
epoch  52  train loss 0.988 acc 0.725  val loss 0.905 acc 0.695 f1 0.659
epoch  53  train loss 0.974 acc 0.735  val loss 0.800 acc 0.712 f1 0.620
epoch  54  train loss 0.954 acc 0.747  val loss 0.792 acc 0.720 f1 0.671
epoch  55  train loss 0.996 acc 0.729  val loss 0.786 acc 0.725 f1 0.675
epoch  56  train loss 0.971 acc 0.740  val loss 0.993 acc 0.618 f1 0.567
epoch  57  train loss 0.959 acc 0.746  val loss 0.777 acc 0.731 f1 0.687  *
epoch  58  train loss 0.949 acc 0.757  val loss 0.708 acc 0.766 f1 0.709  *
epoch  59  train loss 0.916 acc 0.776  val loss 0.816 acc 0.714 f1 0.656
epoch  60  train loss 0.940 acc 0.752  val loss 0.770 acc 0.728 f1 0.683
epoch  61  train loss 0.933 acc 0.760  val loss 0.771 acc 0.723 f1 0.673
epoch  62  train loss 0.906 acc 0.773  val loss 0.765 acc 0.731 f1 0.684
epoch  63  train loss 0.898 acc 0.782  val loss 0.790 acc 0.717 f1 0.679
epoch  64  train loss 0.898 acc 0.784  val loss 0.723 acc 0.750 f1 0.710  *
epoch  65  train loss 0.875 acc 0.791  val loss 0.717 acc 0.734 f1 0.685
epoch  66  train loss 0.870 acc 0.795  val loss 0.710 acc 0.761 f1 0.731  *
epoch  67  train loss 0.878 acc 0.787  val loss 0.735 acc 0.736 f1 0.712
epoch  68  train loss 0.884 acc 0.791  val loss 0.708 acc 0.761 f1 0.692
epoch  69  train loss 0.847 acc 0.809  val loss 0.671 acc 0.747 f1 0.718
epoch  70  train loss 0.829 acc 0.800  val loss 0.675 acc 0.769 f1 0.732  *
epoch  71  train loss 0.843 acc 0.805  val loss 0.672 acc 0.766 f1 0.717
epoch  72  train loss 0.845 acc 0.803  val loss 0.655 acc 0.775 f1 0.736  *
epoch  73  train loss 0.844 acc 0.796  val loss 0.646 acc 0.777 f1 0.740  *
epoch  74  train loss 0.838 acc 0.806  val loss 0.626 acc 0.805 f1 0.778  *
epoch  75  train loss 0.800 acc 0.828  val loss 0.616 acc 0.805 f1 0.771
epoch  76  train loss 0.795 acc 0.837  val loss 0.627 acc 0.794 f1 0.760
epoch  77  train loss 0.799 acc 0.816  val loss 0.618 acc 0.788 f1 0.750
epoch  78  train loss 0.792 acc 0.831  val loss 0.634 acc 0.780 f1 0.750
epoch  79  train loss 0.781 acc 0.839  val loss 0.618 acc 0.780 f1 0.731
epoch  80  train loss 0.787 acc 0.833  val loss 0.595 acc 0.786 f1 0.751
epoch  81  train loss 0.770 acc 0.838  val loss 0.613 acc 0.797 f1 0.743
epoch  82  train loss 0.765 acc 0.845  val loss 0.598 acc 0.797 f1 0.743
epoch  83  train loss 0.751 acc 0.853  val loss 0.573 acc 0.813 f1 0.758
epoch  84  train loss 0.745 acc 0.849  val loss 0.573 acc 0.808 f1 0.763
epoch  85  train loss 0.746 acc 0.851  val loss 0.588 acc 0.799 f1 0.760
epoch  86  train loss 0.750 acc 0.847  val loss 0.577 acc 0.813 f1 0.783  *
epoch  87  train loss 0.734 acc 0.857  val loss 0.559 acc 0.824 f1 0.791  *
epoch  88  train loss 0.741 acc 0.857  val loss 0.576 acc 0.799 f1 0.770
epoch  89  train loss 0.723 acc 0.865  val loss 0.570 acc 0.799 f1 0.772
epoch  90  train loss 0.728 acc 0.855  val loss 0.562 acc 0.824 f1 0.793  *
epoch  91  train loss 0.737 acc 0.860  val loss 0.553 acc 0.830 f1 0.798  *
epoch  92  train loss 0.713 acc 0.872  val loss 0.568 acc 0.810 f1 0.781
epoch  93  train loss 0.726 acc 0.859  val loss 0.564 acc 0.813 f1 0.784
epoch  94  train loss 0.713 acc 0.876  val loss 0.562 acc 0.816 f1 0.786
epoch  95  train loss 0.721 acc 0.867  val loss 0.567 acc 0.808 f1 0.777
epoch  96  train loss 0.727 acc 0.867  val loss 0.558 acc 0.816 f1 0.796
epoch  97  train loss 0.726 acc 0.853  val loss 0.564 acc 0.813 f1 0.784
epoch  98  train loss 0.734 acc 0.859  val loss 0.558 acc 0.819 f1 0.788
epoch  99  train loss 0.715 acc 0.855  val loss 0.569 acc 0.808 f1 0.776
epoch 100  train loss 0.720 acc 0.865  val loss 0.560 acc 0.805 f1 0.774
best epoch 91  test acc 0.7957  macro-F1 0.7669
