device=cuda  train=1785  val=364  classes=['cardboard', 'glass', 'metal', 'paper', 'plastic', 'trash']
epoch   1  train loss 1.755 acc 0.220  val loss 1.749 acc 0.159 f1 0.046  *
epoch   2  train loss 1.733 acc 0.221  val loss 1.726 acc 0.245 f1 0.065  *
epoch   3  train loss 1.731 acc 0.231  val loss 1.727 acc 0.245 f1 0.065
epoch   4  train loss 1.728 acc 0.234  val loss 1.730 acc 0.245 f1 0.065
epoch   5  train loss 1.729 acc 0.231  val loss 1.731 acc 0.245 f1 0.065
epoch   6  train loss 1.726 acc 0.232  val loss 1.727 acc 0.245 f1 0.065
epoch   7  train loss 1.727 acc 0.233  val loss 1.730 acc 0.245 f1 0.065
epoch   8  train loss 1.728 acc 0.233  val loss 1.731 acc 0.245 f1 0.065
epoch   9  train loss 1.726 acc 0.236  val loss 1.731 acc 0.245 f1 0.065
epoch  10  train loss 1.727 acc 0.234  val loss 1.728 acc 0.245 f1 0.065
epoch  11  train loss 1.724 acc 0.232  val loss 1.729 acc 0.245 f1 0.065
epoch  12  train loss 1.727 acc 0.228  val loss 1.727 acc 0.245 f1 0.065
epoch  13  train loss 1.725 acc 0.234  val loss 1.728 acc 0.245 f1 0.065
epoch  14  train loss 1.728 acc 0.231  val loss 1.727 acc 0.245 f1 0.065
epoch  15  train loss 1.725 acc 0.232  val loss 1.728 acc 0.245 f1 0.065
epoch  16  train loss 1.726 acc 0.233  val loss 1.727 acc 0.245 f1 0.065
epoch  17  train loss 1.726 acc 0.232  val loss 1.728 acc 0.245 f1 0.065
epoch  18  train loss 1.725 acc 0.234  val loss 1.728 acc 0.245 f1 0.065
epoch  19  train loss 1.727 acc 0.232  val loss 1.728 acc 0.245 f1 0.065
epoch  20  train loss 1.724 acc 0.232  val loss 1.730 acc 0.245 f1 0.065
epoch  21  train loss 1.726 acc 0.232  val loss 1.727 acc 0.245 f1 0.065
epoch  22  train loss 1.726 acc 0.231  val loss 1.727 acc 0.245 f1 0.065
epoch  23  train loss 1.726 acc 0.232  val loss 1.727 acc 0.245 f1 0.065
epoch  24  train loss 1.726 acc 0.232  val loss 1.728 acc 0.245 f1 0.065
epoch  25  train loss 1.726 acc 0.233  val loss 1.727 acc 0.245 f1 0.065
epoch  26  train loss 1.727 acc 0.231  val loss 1.727 acc 0.245 f1 0.065
epoch  27  train loss 1.725 acc 0.232  val loss 1.727 acc 0.245 f1 0.065
epoch  28  train loss 1.726 acc 0.233  val loss 1.727 acc 0.245 f1 0.065
epoch  29  train loss 1.725 acc 0.232  val loss 1.728 acc 0.245 f1 0.065
epoch  30  train loss 1.724 acc 0.234  val loss 1.728 acc 0.245 f1 0.065
best epoch 2  test acc 0.2419  macro-F1 0.0649
