device=cuda  train=1770  val=379  classes=['cardboard', 'glass', 'metal', 'paper', 'plastic', 'trash']
Downloading: "https://download.pytorch.org/models/alexnet-owt-7be5be79.pth" to /root/.cache/torch/hub/checkpoints/alexnet-owt-7be5be79.pth
  0%|          | 0.00/233M [00:00<?, ?B/s]  2%|▏         | 4.25M/233M [00:00<00:05, 43.8MB/s]  9%|▉         | 21.6M/233M [00:00<00:01, 116MB/s]  20%|██        | 47.0M/233M [00:00<00:01, 181MB/s] 31%|███▏      | 72.9M/233M [00:00<00:00, 216MB/s] 41%|████▏     | 96.6M/233M [00:00<00:00, 222MB/s] 51%|█████     | 118M/233M [00:00<00:00, 222MB/s]  61%|██████    | 142M/233M [00:00<00:00, 232MB/s] 73%|███████▎  | 170M/233M [00:00<00:00, 250MB/s] 83%|████████▎ | 194M/233M [00:00<00:00, 248MB/s] 93%|█████████▎| 218M/233M [00:01<00:00, 245MB/s]100%|██████████| 233M/233M [00:01<00:00, 223MB/s]
epoch   1  train loss 1.349 acc 0.524  val loss 0.642 acc 0.789 f1 0.735  *
epoch   2  train loss 0.915 acc 0.767  val loss 0.595 acc 0.805 f1 0.761  *
epoch   3  train loss 0.801 acc 0.834  val loss 0.534 acc 0.823 f1 0.793  *
epoch   4  train loss 0.730 acc 0.870  val loss 0.435 acc 0.868 f1 0.834  *
epoch   5  train loss 0.699 acc 0.893  val loss 0.414 acc 0.871 f1 0.847  *
epoch   6  train loss 0.650 acc 0.923  val loss 0.409 acc 0.876 f1 0.853  *
epoch   7  train loss 0.618 acc 0.936  val loss 0.368 acc 0.894 f1 0.875  *
epoch   8  train loss 0.608 acc 0.940  val loss 0.378 acc 0.913 f1 0.903  *
epoch   9  train loss 0.602 acc 0.949  val loss 0.381 acc 0.905 f1 0.885
epoch  10  train loss 0.573 acc 0.965  val loss 0.376 acc 0.897 f1 0.878
epoch  11  train loss 0.557 acc 0.975  val loss 0.389 acc 0.894 f1 0.877
epoch  12  train loss 0.548 acc 0.973  val loss 0.358 acc 0.897 f1 0.873
epoch  13  train loss 0.541 acc 0.976  val loss 0.356 acc 0.910 f1 0.890
epoch  14  train loss 0.537 acc 0.975  val loss 0.350 acc 0.913 f1 0.902
epoch  15  train loss 0.525 acc 0.985  val loss 0.357 acc 0.897 f1 0.883
epoch  16  train loss 0.519 acc 0.988  val loss 0.348 acc 0.905 f1 0.892
epoch  17  train loss 0.517 acc 0.986  val loss 0.345 acc 0.913 f1 0.899
epoch  18  train loss 0.515 acc 0.984  val loss 0.350 acc 0.918 f1 0.910  *
epoch  19  train loss 0.512 acc 0.987  val loss 0.338 acc 0.908 f1 0.892
epoch  20  train loss 0.510 acc 0.988  val loss 0.349 acc 0.921 f1 0.908
epoch  21  train loss 0.507 acc 0.988  val loss 0.350 acc 0.913 f1 0.896
epoch  22  train loss 0.497 acc 0.994  val loss 0.340 acc 0.913 f1 0.897
epoch  23  train loss 0.500 acc 0.993  val loss 0.341 acc 0.910 f1 0.892
epoch  24  train loss 0.496 acc 0.992  val loss 0.341 acc 0.921 f1 0.908
epoch  25  train loss 0.490 acc 0.993  val loss 0.343 acc 0.918 f1 0.906
epoch  26  train loss 0.494 acc 0.991  val loss 0.343 acc 0.918 f1 0.906
epoch  27  train loss 0.491 acc 0.993  val loss 0.342 acc 0.921 f1 0.912  *
epoch  28  train loss 0.493 acc 0.990  val loss 0.343 acc 0.921 f1 0.912
epoch  29  train loss 0.488 acc 0.995  val loss 0.342 acc 0.921 f1 0.912  *
epoch  30  train loss 0.490 acc 0.993  val loss 0.342 acc 0.921 f1 0.912  *
best epoch 30  test acc 0.8836  macro-F1 0.8660
